---
version: 1
interactions:
- request:
    body: |
      {"message":"some message Notify: @hipchat-channel","name":"tf-TestAccDatadogDowntime_BasicWithMonitor-local-1626980125","options":{"escalation_message":"the situation has escalated @pagerduty","include_tags":true,"new_host_delay":300,"no_data_timeframe":10,"notify_no_data":false,"require_full_window":true,"thresholds":{"critical":2,"warning":1}},"priority":0,"query":"avg(last_1h):avg:aws.ec2.cpu{environment:foo,host:foo} by {host} \u003e 2","restricted_roles":null,"tags":[],"type":"metric alert"}
    form: {}
    headers:
      Accept:
      - application/json
      Content-Type:
      - application/json
      Dd-Operation-Id:
      - ValidateMonitor
      User-Agent:
      - terraform-provider-datadog/dev (terraform 2.7.0; terraform-cli ) datadog-api-client-go/1.2.1+dev (go go1.16.5; os darwin; arch amd64)
    url: https://api.datadoghq.com/api/v1/monitor/validate
    method: POST
  response:
    body: '{}'
    headers:
      Cache-Control:
      - no-cache
      Connection:
      - keep-alive
      Content-Length:
      - "2"
      Content-Security-Policy:
      - frame-ancestors 'self'; report-uri https://api.datadoghq.com/csp-report
      Content-Type:
      - application/json
      Date:
      - Thu, 22 Jul 2021 18:55:26 GMT
      Pragma:
      - no-cache
      Strict-Transport-Security:
      - max-age=15724800;
      X-Content-Type-Options:
      - nosniff
      X-Frame-Options:
      - SAMEORIGIN
    status: 200 OK
    code: 200
    duration: ""
- request:
    body: |
      {"message":"some message Notify: @hipchat-channel","name":"tf-TestAccDatadogDowntime_BasicWithMonitor-local-1626980125","options":{"escalation_message":"the situation has escalated @pagerduty","include_tags":true,"new_host_delay":300,"no_data_timeframe":10,"notify_no_data":false,"require_full_window":true,"thresholds":{"critical":2,"warning":1}},"priority":0,"query":"avg(last_1h):avg:aws.ec2.cpu{environment:foo,host:foo} by {host} \u003e 2","restricted_roles":null,"tags":[],"type":"metric alert"}
    form: {}
    headers:
      Accept:
      - application/json
      Content-Type:
      - application/json
      Dd-Operation-Id:
      - ValidateMonitor
      User-Agent:
      - terraform-provider-datadog/dev (terraform 2.7.0; terraform-cli ) datadog-api-client-go/1.2.1+dev (go go1.16.5; os darwin; arch amd64)
    url: https://api.datadoghq.com/api/v1/monitor/validate
    method: POST
  response:
    body: '{}'
    headers:
      Cache-Control:
      - no-cache
      Connection:
      - keep-alive
      Content-Length:
      - "2"
      Content-Security-Policy:
      - frame-ancestors 'self'; report-uri https://api.datadoghq.com/csp-report
      Content-Type:
      - application/json
      Date:
      - Thu, 22 Jul 2021 18:55:26 GMT
      Pragma:
      - no-cache
      Strict-Transport-Security:
      - max-age=15724800;
      X-Content-Type-Options:
      - nosniff
      X-Frame-Options:
      - SAMEORIGIN
    status: 200 OK
    code: 200
    duration: ""
- request:
    body: |
      {"message":"some message Notify: @hipchat-channel","name":"tf-TestAccDatadogDowntime_BasicWithMonitor-local-1626980125","options":{"escalation_message":"the situation has escalated @pagerduty","include_tags":true,"new_host_delay":300,"no_data_timeframe":10,"notify_no_data":false,"require_full_window":true,"thresholds":{"critical":2,"warning":1}},"priority":0,"query":"avg(last_1h):avg:aws.ec2.cpu{environment:foo,host:foo} by {host} \u003e 2","restricted_roles":null,"tags":[],"type":"metric alert"}
    form: {}
    headers:
      Accept:
      - application/json
      Content-Type:
      - application/json
      Dd-Operation-Id:
      - ValidateMonitor
      User-Agent:
      - terraform-provider-datadog/dev (terraform 2.7.0; terraform-cli ) datadog-api-client-go/1.2.1+dev (go go1.16.5; os darwin; arch amd64)
    url: https://api.datadoghq.com/api/v1/monitor/validate
    method: POST
  response:
    body: '{}'
    headers:
      Cache-Control:
      - no-cache
      Connection:
      - keep-alive
      Content-Length:
      - "2"
      Content-Security-Policy:
      - frame-ancestors 'self'; report-uri https://api.datadoghq.com/csp-report
      Content-Type:
      - application/json
      Date:
      - Thu, 22 Jul 2021 18:55:27 GMT
      Pragma:
      - no-cache
      Strict-Transport-Security:
      - max-age=15724800;
      X-Content-Type-Options:
      - nosniff
      X-Frame-Options:
      - SAMEORIGIN
    status: 200 OK
    code: 200
    duration: ""
- request:
    body: |
      {"message":"some message Notify: @hipchat-channel","name":"tf-TestAccDatadogDowntime_BasicWithMonitor-local-1626980125","options":{"escalation_message":"the situation has escalated @pagerduty","include_tags":true,"new_host_delay":300,"notify_no_data":false,"require_full_window":true,"thresholds":{"critical":2,"warning":1}},"priority":0,"query":"avg(last_1h):avg:aws.ec2.cpu{environment:foo,host:foo} by {host} \u003e 2","restricted_roles":null,"tags":[],"type":"metric alert"}
    form: {}
    headers:
      Accept:
      - application/json
      Content-Type:
      - application/json
      Dd-Operation-Id:
      - CreateMonitor
      User-Agent:
      - terraform-provider-datadog/dev (terraform 2.7.0; terraform-cli ) datadog-api-client-go/1.2.1+dev (go go1.16.5; os darwin; arch amd64)
    url: https://api.datadoghq.com/api/v1/monitor
    method: POST
  response:
    body: '{"restricted_roles":null,"tags":[],"deleted":null,"query":"avg(last_1h):avg:aws.ec2.cpu{environment:foo,host:foo} by {host} > 2","message":"some message Notify: @hipchat-channel","id":42109601,"multi":true,"name":"tf-TestAccDatadogDowntime_BasicWithMonitor-local-1626980125","created":"2021-07-22T18:55:27.383072+00:00","created_at":1626980127000,"creator":{"id":1445416,"handle":"frog@datadoghq.com","name":null,"email":"frog@datadoghq.com"},"org_id":321813,"modified":"2021-07-22T18:55:27.383072+00:00","priority":null,"overall_state_modified":null,"overall_state":"No Data","type":"metric alert","options":{"notify_audit":false,"silenced":{},"include_tags":true,"thresholds":{"critical":2.0,"warning":1.0},"require_full_window":true,"new_host_delay":300,"notify_no_data":false,"escalation_message":"the situation has escalated @pagerduty"}}'
    headers:
      Cache-Control:
      - no-cache
      Connection:
      - keep-alive
      Content-Security-Policy:
      - frame-ancestors 'self'; report-uri https://api.datadoghq.com/csp-report
      Content-Type:
      - application/json
      Date:
      - Thu, 22 Jul 2021 18:55:27 GMT
      Pragma:
      - no-cache
      Strict-Transport-Security:
      - max-age=15724800;
      Vary:
      - Accept-Encoding
      X-Content-Type-Options:
      - nosniff
      X-Frame-Options:
      - SAMEORIGIN
      X-Ratelimit-Limit:
      - "500"
      X-Ratelimit-Period:
      - "10"
      X-Ratelimit-Remaining:
      - "498"
      X-Ratelimit-Reset:
      - "3"
    status: 200 OK
    code: 200
    duration: ""
- request:
    body: |
      {"end":1626994525,"message":"tf-TestAccDatadogDowntime_BasicWithMonitor-local-1626980125","monitor_id":42109601,"monitor_tags":null,"scope":["*"],"start":1626990925,"timezone":"UTC"}
    form: {}
    headers:
      Accept:
      - application/json
      Content-Type:
      - application/json
      Dd-Operation-Id:
      - CreateDowntime
      User-Agent:
      - terraform-provider-datadog/dev (terraform 2.7.0; terraform-cli ) datadog-api-client-go/1.2.1+dev (go go1.16.5; os darwin; arch amd64)
    url: https://api.datadoghq.com/api/v1/downtime
    method: POST
  response:
    body: '{"recurrence":null,"end":1626994525,"monitor_tags":["*"],"child_id":null,"canceled":null,"monitor_id":42109601,"created":1626980127,"org_id":321813,"modified":1626980127,"disabled":false,"start":1626990925,"creator_id":1445416,"parent_id":null,"timezone":"UTC","active":false,"scope":["*"],"message":"tf-TestAccDatadogDowntime_BasicWithMonitor-local-1626980125","downtime_type":0,"id":1364888508,"updater_id":null}'
    headers:
      Cache-Control:
      - no-cache
      Connection:
      - keep-alive
      Content-Security-Policy:
      - frame-ancestors 'self'; report-uri https://api.datadoghq.com/csp-report
      Content-Type:
      - application/json
      Date:
      - Thu, 22 Jul 2021 18:55:27 GMT
      Pragma:
      - no-cache
      Strict-Transport-Security:
      - max-age=15724800;
      Vary:
      - Accept-Encoding
      X-Content-Type-Options:
      - nosniff
      X-Frame-Options:
      - SAMEORIGIN
    status: 200 OK
    code: 200
    duration: ""
- request:
    body: ""
    form: {}
    headers:
      Accept:
      - application/json
      Dd-Operation-Id:
      - GetDowntime
      User-Agent:
      - terraform-provider-datadog/dev (terraform 2.7.0; terraform-cli ) datadog-api-client-go/1.2.1+dev (go go1.16.5; os darwin; arch amd64)
    url: https://api.datadoghq.com/api/v1/downtime/1364888508
    method: GET
  response:
    body: '{"recurrence":null,"end":1626994525,"monitor_tags":["*"],"child_id":null,"canceled":null,"monitor_id":42109601,"created":1626980127,"org_id":321813,"modified":1626980127,"disabled":false,"start":1626990925,"creator_id":1445416,"parent_id":null,"timezone":"UTC","active":false,"scope":["*"],"message":"tf-TestAccDatadogDowntime_BasicWithMonitor-local-1626980125","downtime_type":0,"id":1364888508,"updater_id":null}'
    headers:
      Cache-Control:
      - no-cache
      Connection:
      - keep-alive
      Content-Security-Policy:
      - frame-ancestors 'self'; report-uri https://api.datadoghq.com/csp-report
      Content-Type:
      - application/json
      Date:
      - Thu, 22 Jul 2021 18:55:28 GMT
      Pragma:
      - no-cache
      Strict-Transport-Security:
      - max-age=15724800;
      Vary:
      - Accept-Encoding
      X-Content-Type-Options:
      - nosniff
      X-Frame-Options:
      - SAMEORIGIN
    status: 200 OK
    code: 200
    duration: ""
- request:
    body: |
      {"message":"some message Notify: @hipchat-channel","name":"tf-TestAccDatadogDowntime_BasicWithMonitor-local-1626980125","options":{"escalation_message":"the situation has escalated @pagerduty","include_tags":true,"new_host_delay":300,"no_data_timeframe":10,"notify_no_data":false,"require_full_window":true,"thresholds":{"critical":2,"warning":1}},"priority":0,"query":"avg(last_1h):avg:aws.ec2.cpu{environment:foo,host:foo} by {host} \u003e 2","restricted_roles":null,"tags":[],"type":"metric alert"}
    form: {}
    headers:
      Accept:
      - application/json
      Content-Type:
      - application/json
      Dd-Operation-Id:
      - ValidateMonitor
      User-Agent:
      - terraform-provider-datadog/dev (terraform 2.7.0; terraform-cli ) datadog-api-client-go/1.2.1+dev (go go1.16.5; os darwin; arch amd64)
    url: https://api.datadoghq.com/api/v1/monitor/validate
    method: POST
  response:
    body: '{}'
    headers:
      Cache-Control:
      - no-cache
      Connection:
      - keep-alive
      Content-Length:
      - "2"
      Content-Security-Policy:
      - frame-ancestors 'self'; report-uri https://api.datadoghq.com/csp-report
      Content-Type:
      - application/json
      Date:
      - Thu, 22 Jul 2021 18:55:28 GMT
      Pragma:
      - no-cache
      Strict-Transport-Security:
      - max-age=15724800;
      X-Content-Type-Options:
      - nosniff
      X-Frame-Options:
      - SAMEORIGIN
    status: 200 OK
    code: 200
    duration: ""
- request:
    body: ""
    form: {}
    headers:
      Accept:
      - application/json
      Dd-Operation-Id:
      - GetMonitor
      User-Agent:
      - terraform-provider-datadog/dev (terraform 2.7.0; terraform-cli 1.0.2) datadog-api-client-go/1.2.1+dev (go go1.16.5; os darwin; arch amd64)
    url: https://api.datadoghq.com/api/v1/monitor/42109601
    method: GET
  response:
    body: '{"restricted_roles":null,"tags":[],"deleted":null,"query":"avg(last_1h):avg:aws.ec2.cpu{environment:foo,host:foo} by {host} > 2","message":"some message Notify: @hipchat-channel","id":42109601,"multi":true,"name":"tf-TestAccDatadogDowntime_BasicWithMonitor-local-1626980125","created":"2021-07-22T18:55:27.383072+00:00","created_at":1626980127000,"creator":{"id":1445416,"handle":"frog@datadoghq.com","name":null,"email":"frog@datadoghq.com"},"org_id":321813,"modified":"2021-07-22T18:55:27.383072+00:00","priority":null,"overall_state_modified":null,"overall_state":"No Data","type":"metric alert","options":{"notify_audit":false,"silenced":{"*":1626994525},"include_tags":true,"thresholds":{"critical":2.0,"warning":1.0},"require_full_window":true,"new_host_delay":300,"notify_no_data":false,"escalation_message":"the situation has escalated @pagerduty"}}'
    headers:
      Cache-Control:
      - no-cache
      Connection:
      - keep-alive
      Content-Security-Policy:
      - frame-ancestors 'self'; report-uri https://api.datadoghq.com/csp-report
      Content-Type:
      - application/json
      Date:
      - Thu, 22 Jul 2021 18:55:29 GMT
      Pragma:
      - no-cache
      Strict-Transport-Security:
      - max-age=15724800;
      Vary:
      - Accept-Encoding
      X-Content-Type-Options:
      - nosniff
      X-Frame-Options:
      - SAMEORIGIN
      X-Ratelimit-Limit:
      - "3000"
      X-Ratelimit-Period:
      - "10"
      X-Ratelimit-Remaining:
      - "2998"
      X-Ratelimit-Reset:
      - "1"
    status: 200 OK
    code: 200
    duration: ""
- request:
    body: |
      {"message":"some message Notify: @hipchat-channel","name":"tf-TestAccDatadogDowntime_BasicWithMonitor-local-1626980125","options":{"escalation_message":"the situation has escalated @pagerduty","include_tags":true,"new_host_delay":300,"no_data_timeframe":10,"notify_no_data":false,"require_full_window":true,"thresholds":{"critical":2,"warning":1}},"priority":0,"query":"avg(last_1h):avg:aws.ec2.cpu{environment:foo,host:foo} by {host} \u003e 2","restricted_roles":null,"tags":[],"type":"metric alert"}
    form: {}
    headers:
      Accept:
      - application/json
      Content-Type:
      - application/json
      Dd-Operation-Id:
      - ValidateMonitor
      User-Agent:
      - terraform-provider-datadog/dev (terraform 2.7.0; terraform-cli 1.0.2) datadog-api-client-go/1.2.1+dev (go go1.16.5; os darwin; arch amd64)
    url: https://api.datadoghq.com/api/v1/monitor/validate
    method: POST
  response:
    body: '{}'
    headers:
      Cache-Control:
      - no-cache
      Connection:
      - keep-alive
      Content-Length:
      - "2"
      Content-Security-Policy:
      - frame-ancestors 'self'; report-uri https://api.datadoghq.com/csp-report
      Content-Type:
      - application/json
      Date:
      - Thu, 22 Jul 2021 18:55:29 GMT
      Pragma:
      - no-cache
      Strict-Transport-Security:
      - max-age=15724800;
      X-Content-Type-Options:
      - nosniff
      X-Frame-Options:
      - SAMEORIGIN
    status: 200 OK
    code: 200
    duration: ""
- request:
    body: ""
    form: {}
    headers:
      Accept:
      - application/json
      Dd-Operation-Id:
      - GetDowntime
      User-Agent:
      - terraform-provider-datadog/dev (terraform 2.7.0; terraform-cli 1.0.2) datadog-api-client-go/1.2.1+dev (go go1.16.5; os darwin; arch amd64)
    url: https://api.datadoghq.com/api/v1/downtime/1364888508
    method: GET
  response:
    body: '{"recurrence":null,"end":1626994525,"monitor_tags":["*"],"child_id":null,"canceled":null,"monitor_id":42109601,"created":1626980127,"org_id":321813,"modified":1626980127,"disabled":false,"start":1626990925,"creator_id":1445416,"parent_id":null,"timezone":"UTC","active":false,"scope":["*"],"message":"tf-TestAccDatadogDowntime_BasicWithMonitor-local-1626980125","downtime_type":0,"id":1364888508,"updater_id":null}'
    headers:
      Cache-Control:
      - no-cache
      Connection:
      - keep-alive
      Content-Security-Policy:
      - frame-ancestors 'self'; report-uri https://api.datadoghq.com/csp-report
      Content-Type:
      - application/json
      Date:
      - Thu, 22 Jul 2021 18:55:29 GMT
      Pragma:
      - no-cache
      Strict-Transport-Security:
      - max-age=15724800;
      Vary:
      - Accept-Encoding
      X-Content-Type-Options:
      - nosniff
      X-Frame-Options:
      - SAMEORIGIN
    status: 200 OK
    code: 200
    duration: ""
- request:
    body: |
      {"message":"some message Notify: @hipchat-channel","name":"tf-TestAccDatadogDowntime_BasicWithMonitor-local-1626980125","options":{"escalation_message":"the situation has escalated @pagerduty","include_tags":true,"new_host_delay":300,"no_data_timeframe":10,"notify_no_data":false,"require_full_window":true,"thresholds":{"critical":2,"warning":1}},"priority":0,"query":"avg(last_1h):avg:aws.ec2.cpu{environment:foo,host:foo} by {host} \u003e 2","restricted_roles":null,"tags":[],"type":"metric alert"}
    form: {}
    headers:
      Accept:
      - application/json
      Content-Type:
      - application/json
      Dd-Operation-Id:
      - ValidateMonitor
      User-Agent:
      - terraform-provider-datadog/dev (terraform 2.7.0; terraform-cli ) datadog-api-client-go/1.2.1+dev (go go1.16.5; os darwin; arch amd64)
    url: https://api.datadoghq.com/api/v1/monitor/validate
    method: POST
  response:
    body: '{}'
    headers:
      Cache-Control:
      - no-cache
      Connection:
      - keep-alive
      Content-Length:
      - "2"
      Content-Security-Policy:
      - frame-ancestors 'self'; report-uri https://api.datadoghq.com/csp-report
      Content-Type:
      - application/json
      Date:
      - Thu, 22 Jul 2021 18:55:30 GMT
      Pragma:
      - no-cache
      Strict-Transport-Security:
      - max-age=15724800;
      X-Content-Type-Options:
      - nosniff
      X-Frame-Options:
      - SAMEORIGIN
    status: 200 OK
    code: 200
    duration: ""
- request:
    body: ""
    form: {}
    headers:
      Accept:
      - application/json
      Dd-Operation-Id:
      - CancelDowntime
      User-Agent:
      - terraform-provider-datadog/dev (terraform 2.7.0; terraform-cli ) datadog-api-client-go/1.2.1+dev (go go1.16.5; os darwin; arch amd64)
    url: https://api.datadoghq.com/api/v1/downtime/1364888508
    method: DELETE
  response:
    body: ""
    headers:
      Cache-Control:
      - no-cache
      Connection:
      - keep-alive
      Content-Length:
      - "0"
      Content-Security-Policy:
      - frame-ancestors 'self'; report-uri https://api.datadoghq.com/csp-report
      Content-Type:
      - application/json
      Date:
      - Thu, 22 Jul 2021 18:55:32 GMT
      Pragma:
      - no-cache
      Strict-Transport-Security:
      - max-age=15724800;
      X-Content-Type-Options:
      - nosniff
      X-Frame-Options:
      - SAMEORIGIN
    status: 204 No Content
    code: 204
    duration: ""
- request:
    body: ""
    form: {}
    headers:
      Accept:
      - application/json
      Dd-Operation-Id:
      - DeleteMonitor
      User-Agent:
      - terraform-provider-datadog/dev (terraform 2.7.0; terraform-cli ) datadog-api-client-go/1.2.1+dev (go go1.16.5; os darwin; arch amd64)
    url: https://api.datadoghq.com/api/v1/monitor/42109601
    method: DELETE
  response:
    body: '{"deleted_monitor_id":42109601}'
    headers:
      Cache-Control:
      - no-cache
      Connection:
      - keep-alive
      Content-Security-Policy:
      - frame-ancestors 'self'; report-uri https://api.datadoghq.com/csp-report
      Content-Type:
      - application/json
      Date:
      - Thu, 22 Jul 2021 18:55:32 GMT
      Pragma:
      - no-cache
      Strict-Transport-Security:
      - max-age=15724800;
      Vary:
      - Accept-Encoding
      X-Content-Type-Options:
      - nosniff
      X-Frame-Options:
      - SAMEORIGIN
    status: 200 OK
    code: 200
    duration: ""
- request:
    body: ""
    form: {}
    headers:
      Accept:
      - application/json
      Dd-Operation-Id:
      - GetDowntime
      User-Agent:
      - terraform-provider-datadog/dev (terraform 2.7.0; terraform-cli ) datadog-api-client-go/1.2.1+dev (go go1.16.5; os darwin; arch amd64)
    url: https://api.datadoghq.com/api/v1/downtime/1364888508
    method: GET
  response:
    body: '{"recurrence":null,"end":1626994525,"monitor_tags":["*"],"child_id":null,"canceled":1626980130,"monitor_id":42109601,"created":1626980127,"org_id":321813,"modified":1626980130,"disabled":true,"start":1626990925,"creator_id":1445416,"parent_id":null,"timezone":"UTC","active":false,"scope":["*"],"message":"tf-TestAccDatadogDowntime_BasicWithMonitor-local-1626980125","downtime_type":0,"id":1364888508,"updater_id":1445416}'
    headers:
      Cache-Control:
      - no-cache
      Connection:
      - keep-alive
      Content-Security-Policy:
      - frame-ancestors 'self'; report-uri https://api.datadoghq.com/csp-report
      Content-Type:
      - application/json
      Date:
      - Thu, 22 Jul 2021 18:55:32 GMT
      Pragma:
      - no-cache
      Strict-Transport-Security:
      - max-age=15724800;
      Vary:
      - Accept-Encoding
      X-Content-Type-Options:
      - nosniff
      X-Frame-Options:
      - SAMEORIGIN
    status: 200 OK
    code: 200
    duration: ""
