---
version: 1
interactions:
- request:
    body: |
      {"message":"test","name":"tf-TestAccDatadogMonitor_ComposeWithSyntheticsTest-local-1626980172","options":{"include_tags":true,"new_host_delay":300,"no_data_timeframe":10,"notify_no_data":false,"require_full_window":true,"thresholds":{"critical":100}},"priority":0,"query":"avg(last_5m):max:system.load.1{*} by {host} \u003e 100","restricted_roles":null,"tags":[],"type":"metric alert"}
    form: {}
    headers:
      Accept:
      - application/json
      Content-Type:
      - application/json
      Dd-Operation-Id:
      - ValidateMonitor
      User-Agent:
      - terraform-provider-datadog/dev (terraform 2.7.0; terraform-cli ) datadog-api-client-go/1.2.1+dev (go go1.16.5; os darwin; arch amd64)
    url: https://api.datadoghq.com/api/v1/monitor/validate
    method: POST
  response:
    body: '{}'
    headers:
      Cache-Control:
      - no-cache
      Connection:
      - keep-alive
      Content-Length:
      - "2"
      Content-Security-Policy:
      - frame-ancestors 'self'; report-uri https://api.datadoghq.com/csp-report
      Content-Type:
      - application/json
      Date:
      - Thu, 22 Jul 2021 18:56:13 GMT
      Pragma:
      - no-cache
      Strict-Transport-Security:
      - max-age=15724800;
      X-Content-Type-Options:
      - nosniff
      X-Frame-Options:
      - SAMEORIGIN
    status: 200 OK
    code: 200
    duration: ""
- request:
    body: |
      {"message":"test","name":"tf-TestAccDatadogMonitor_ComposeWithSyntheticsTest-local-1626980172","options":{"include_tags":true,"new_host_delay":300,"no_data_timeframe":10,"notify_no_data":false,"require_full_window":true,"thresholds":{"critical":100}},"priority":0,"query":"avg(last_5m):max:system.load.1{*} by {host} \u003e 100","restricted_roles":null,"tags":[],"type":"metric alert"}
    form: {}
    headers:
      Accept:
      - application/json
      Content-Type:
      - application/json
      Dd-Operation-Id:
      - ValidateMonitor
      User-Agent:
      - terraform-provider-datadog/dev (terraform 2.7.0; terraform-cli 1.0.2) datadog-api-client-go/1.2.1+dev (go go1.16.5; os darwin; arch amd64)
    url: https://api.datadoghq.com/api/v1/monitor/validate
    method: POST
  response:
    body: '{}'
    headers:
      Cache-Control:
      - no-cache
      Connection:
      - keep-alive
      Content-Length:
      - "2"
      Content-Security-Policy:
      - frame-ancestors 'self'; report-uri https://api.datadoghq.com/csp-report
      Content-Type:
      - application/json
      Date:
      - Thu, 22 Jul 2021 18:56:14 GMT
      Pragma:
      - no-cache
      Strict-Transport-Security:
      - max-age=15724800;
      X-Content-Type-Options:
      - nosniff
      X-Frame-Options:
      - SAMEORIGIN
    status: 200 OK
    code: 200
    duration: ""
- request:
    body: |
      {"message":"test","name":"tf-TestAccDatadogMonitor_ComposeWithSyntheticsTest-local-1626980172","options":{"include_tags":true,"new_host_delay":300,"no_data_timeframe":10,"notify_no_data":false,"require_full_window":true,"thresholds":{"critical":100}},"priority":0,"query":"avg(last_5m):max:system.load.1{*} by {host} \u003e 100","restricted_roles":null,"tags":[],"type":"metric alert"}
    form: {}
    headers:
      Accept:
      - application/json
      Content-Type:
      - application/json
      Dd-Operation-Id:
      - ValidateMonitor
      User-Agent:
      - terraform-provider-datadog/dev (terraform 2.7.0; terraform-cli 1.0.2) datadog-api-client-go/1.2.1+dev (go go1.16.5; os darwin; arch amd64)
    url: https://api.datadoghq.com/api/v1/monitor/validate
    method: POST
  response:
    body: '{}'
    headers:
      Cache-Control:
      - no-cache
      Connection:
      - keep-alive
      Content-Length:
      - "2"
      Content-Security-Policy:
      - frame-ancestors 'self'; report-uri https://api.datadoghq.com/csp-report
      Content-Type:
      - application/json
      Date:
      - Thu, 22 Jul 2021 18:56:15 GMT
      Pragma:
      - no-cache
      Strict-Transport-Security:
      - max-age=15724800;
      X-Content-Type-Options:
      - nosniff
      X-Frame-Options:
      - SAMEORIGIN
    status: 200 OK
    code: 200
    duration: ""
- request:
    body: |
      {"message":"test","name":"tf-TestAccDatadogMonitor_ComposeWithSyntheticsTest-local-1626980172","options":{"include_tags":true,"new_host_delay":300,"notify_no_data":false,"require_full_window":true,"thresholds":{"critical":100}},"priority":0,"query":"avg(last_5m):max:system.load.1{*} by {host} \u003e 100","restricted_roles":null,"tags":[],"type":"metric alert"}
    form: {}
    headers:
      Accept:
      - application/json
      Content-Type:
      - application/json
      Dd-Operation-Id:
      - CreateMonitor
      User-Agent:
      - terraform-provider-datadog/dev (terraform 2.7.0; terraform-cli 1.0.2) datadog-api-client-go/1.2.1+dev (go go1.16.5; os darwin; arch amd64)
    url: https://api.datadoghq.com/api/v1/monitor
    method: POST
  response:
    body: '{"restricted_roles":null,"tags":[],"deleted":null,"query":"avg(last_5m):max:system.load.1{*} by {host} > 100","message":"test","id":42109655,"multi":true,"name":"tf-TestAccDatadogMonitor_ComposeWithSyntheticsTest-local-1626980172","created":"2021-07-22T18:56:15.328205+00:00","created_at":1626980175000,"creator":{"id":1445416,"handle":"frog@datadoghq.com","name":null,"email":"frog@datadoghq.com"},"org_id":321813,"modified":"2021-07-22T18:56:15.328205+00:00","priority":null,"overall_state_modified":null,"overall_state":"No Data","type":"metric alert","options":{"notify_audit":false,"silenced":{},"include_tags":true,"thresholds":{"critical":100.0},"require_full_window":true,"new_host_delay":300,"notify_no_data":false}}'
    headers:
      Cache-Control:
      - no-cache
      Connection:
      - keep-alive
      Content-Security-Policy:
      - frame-ancestors 'self'; report-uri https://api.datadoghq.com/csp-report
      Content-Type:
      - application/json
      Date:
      - Thu, 22 Jul 2021 18:56:15 GMT
      Pragma:
      - no-cache
      Strict-Transport-Security:
      - max-age=15724800;
      Vary:
      - Accept-Encoding
      X-Content-Type-Options:
      - nosniff
      X-Frame-Options:
      - SAMEORIGIN
      X-Ratelimit-Limit:
      - "500"
      X-Ratelimit-Period:
      - "10"
      X-Ratelimit-Remaining:
      - "499"
      X-Ratelimit-Reset:
      - "5"
    status: 200 OK
    code: 200
    duration: ""
- request:
    body: |
      {"config":{"assertions":[{"operator":"isNot","target":500,"type":"statusCode"}],"configVariables":[],"request":{"method":"GET","timeout":60,"url":"https://docs.datadoghq.com"}},"locations":["aws:eu-central-1"],"message":"Notify @pagerduty","name":"tf-TestAccDatadogMonitor_ComposeWithSyntheticsTest-local-1626980172","options":{"min_failure_duration":10,"min_location_failed":1,"tick_every":900},"status":"live","subtype":"http","tags":["foo:bar","foo","env:test"],"type":"api"}
    form: {}
    headers:
      Accept:
      - application/json
      Content-Type:
      - application/json
      Dd-Operation-Id:
      - CreateSyntheticsAPITest
      User-Agent:
      - terraform-provider-datadog/dev (terraform 2.7.0; terraform-cli 1.0.2) datadog-api-client-go/1.2.1+dev (go go1.16.5; os darwin; arch amd64)
    url: https://api.datadoghq.com/api/v1/synthetics/tests/api
    method: POST
  response:
    body: '{"status":"live","public_id":"uvg-6hq-d49","tags":["foo:bar","foo","env:test"],"org_id":321813,"locations":["aws:eu-central-1"],"message":"Notify @pagerduty","deleted_at":null,"name":"tf-TestAccDatadogMonitor_ComposeWithSyntheticsTest-local-1626980172","monitor_id":42109656,"type":"api","created_at":"2021-07-22T18:56:16.200128+00:00","modified_at":"2021-07-22T18:56:16.200128+00:00","subtype":"http","config":{"request":{"url":"https://docs.datadoghq.com","method":"GET","timeout":60},"assertions":[{"operator":"isNot","type":"statusCode","target":500}],"configVariables":[]},"options":{"min_failure_duration":10,"min_location_failed":1,"tick_every":900}}'
    headers:
      Cache-Control:
      - no-cache
      Connection:
      - keep-alive
      Content-Security-Policy:
      - frame-ancestors 'self'; report-uri https://api.datadoghq.com/csp-report
      Content-Type:
      - application/json
      Date:
      - Thu, 22 Jul 2021 18:56:16 GMT
      Pragma:
      - no-cache
      Strict-Transport-Security:
      - max-age=15724800;
      Vary:
      - Accept-Encoding
      X-Content-Type-Options:
      - nosniff
      X-Frame-Options:
      - SAMEORIGIN
      X-Ratelimit-Limit:
      - "120"
      X-Ratelimit-Period:
      - "60"
      X-Ratelimit-Remaining:
      - "118"
      X-Ratelimit-Reset:
      - "45"
    status: 200 OK
    code: 200
    duration: ""
- request:
    body: ""
    form: {}
    headers:
      Accept:
      - application/json
      Dd-Operation-Id:
      - GetTest
      User-Agent:
      - terraform-provider-datadog/dev (terraform 2.7.0; terraform-cli 1.0.2) datadog-api-client-go/1.2.1+dev (go go1.16.5; os darwin; arch amd64)
    url: https://api.datadoghq.com/api/v1/synthetics/tests/uvg-6hq-d49
    method: GET
  response:
    body: '{"status":"live","public_id":"uvg-6hq-d49","tags":["foo:bar","foo","env:test"],"locations":["aws:eu-central-1"],"message":"Notify @pagerduty","name":"tf-TestAccDatadogMonitor_ComposeWithSyntheticsTest-local-1626980172","monitor_id":42109656,"type":"api","subtype":"http","config":{"request":{"url":"https://docs.datadoghq.com","method":"GET","timeout":60},"assertions":[{"operator":"isNot","type":"statusCode","target":500}],"configVariables":[]},"options":{"min_failure_duration":10,"min_location_failed":1,"tick_every":900}}'
    headers:
      Cache-Control:
      - no-cache
      Connection:
      - keep-alive
      Content-Security-Policy:
      - frame-ancestors 'self'; report-uri https://api.datadoghq.com/csp-report
      Content-Type:
      - application/json
      Date:
      - Thu, 22 Jul 2021 18:56:16 GMT
      Pragma:
      - no-cache
      Strict-Transport-Security:
      - max-age=15724800;
      Vary:
      - Accept-Encoding
      X-Content-Type-Options:
      - nosniff
      X-Frame-Options:
      - SAMEORIGIN
      X-Ratelimit-Limit:
      - "1000"
      X-Ratelimit-Period:
      - "60"
      X-Ratelimit-Remaining:
      - "994"
      X-Ratelimit-Reset:
      - "44"
    status: 200 OK
    code: 200
    duration: ""
- request:
    body: ""
    form: {}
    headers:
      Accept:
      - application/json
      Dd-Operation-Id:
      - GetAPITest
      User-Agent:
      - terraform-provider-datadog/dev (terraform 2.7.0; terraform-cli 1.0.2) datadog-api-client-go/1.2.1+dev (go go1.16.5; os darwin; arch amd64)
    url: https://api.datadoghq.com/api/v1/synthetics/tests/api/uvg-6hq-d49
    method: GET
  response:
    body: '{"status":"live","public_id":"uvg-6hq-d49","tags":["foo:bar","foo","env:test"],"locations":["aws:eu-central-1"],"message":"Notify @pagerduty","name":"tf-TestAccDatadogMonitor_ComposeWithSyntheticsTest-local-1626980172","monitor_id":42109656,"type":"api","subtype":"http","config":{"request":{"url":"https://docs.datadoghq.com","method":"GET","timeout":60},"assertions":[{"operator":"isNot","type":"statusCode","target":500}],"configVariables":[]},"options":{"min_failure_duration":10,"min_location_failed":1,"tick_every":900}}'
    headers:
      Cache-Control:
      - no-cache
      Connection:
      - keep-alive
      Content-Security-Policy:
      - frame-ancestors 'self'; report-uri https://api.datadoghq.com/csp-report
      Content-Type:
      - application/json
      Date:
      - Thu, 22 Jul 2021 18:56:16 GMT
      Pragma:
      - no-cache
      Strict-Transport-Security:
      - max-age=15724800;
      Vary:
      - Accept-Encoding
      X-Content-Type-Options:
      - nosniff
      X-Frame-Options:
      - SAMEORIGIN
      X-Ratelimit-Limit:
      - "1000"
      X-Ratelimit-Period:
      - "60"
      X-Ratelimit-Remaining:
      - "992"
      X-Ratelimit-Reset:
      - "44"
    status: 200 OK
    code: 200
    duration: ""
- request:
    body: |
      {"message":"test","name":"tf-TestAccDatadogMonitor_ComposeWithSyntheticsTest-local-1626980172-composite","options":{"include_tags":true,"new_host_delay":300,"no_data_timeframe":10,"notify_no_data":false,"require_full_window":true,"thresholds":{}},"priority":0,"query":"42109655 || 42109656","restricted_roles":null,"tags":[],"type":"composite"}
    form: {}
    headers:
      Accept:
      - application/json
      Content-Type:
      - application/json
      Dd-Operation-Id:
      - ValidateMonitor
      User-Agent:
      - terraform-provider-datadog/dev (terraform 2.7.0; terraform-cli 1.0.2) datadog-api-client-go/1.2.1+dev (go go1.16.5; os darwin; arch amd64)
    url: https://api.datadoghq.com/api/v1/monitor/validate
    method: POST
  response:
    body: '{}'
    headers:
      Cache-Control:
      - no-cache
      Connection:
      - keep-alive
      Content-Length:
      - "2"
      Content-Security-Policy:
      - frame-ancestors 'self'; report-uri https://api.datadoghq.com/csp-report
      Content-Type:
      - application/json
      Date:
      - Thu, 22 Jul 2021 18:56:16 GMT
      Pragma:
      - no-cache
      Strict-Transport-Security:
      - max-age=15724800;
      X-Content-Type-Options:
      - nosniff
      X-Frame-Options:
      - SAMEORIGIN
    status: 200 OK
    code: 200
    duration: ""
- request:
    body: |
      {"message":"test","name":"tf-TestAccDatadogMonitor_ComposeWithSyntheticsTest-local-1626980172-composite","options":{"include_tags":true,"new_host_delay":300,"notify_no_data":false,"require_full_window":true,"thresholds":{}},"priority":0,"query":"42109655 || 42109656","restricted_roles":null,"tags":[],"type":"composite"}
    form: {}
    headers:
      Accept:
      - application/json
      Content-Type:
      - application/json
      Dd-Operation-Id:
      - CreateMonitor
      User-Agent:
      - terraform-provider-datadog/dev (terraform 2.7.0; terraform-cli 1.0.2) datadog-api-client-go/1.2.1+dev (go go1.16.5; os darwin; arch amd64)
    url: https://api.datadoghq.com/api/v1/monitor
    method: POST
  response:
    body: '{"restricted_roles":null,"tags":[],"deleted":null,"query":"42109655 || 42109656","message":"test","id":42109657,"multi":false,"name":"tf-TestAccDatadogMonitor_ComposeWithSyntheticsTest-local-1626980172-composite","created":"2021-07-22T18:56:16.769203+00:00","created_at":1626980176000,"creator":{"id":1445416,"handle":"frog@datadoghq.com","name":null,"email":"frog@datadoghq.com"},"org_id":321813,"modified":"2021-07-22T18:56:16.769203+00:00","priority":null,"overall_state_modified":null,"overall_state":"No Data","type":"composite","options":{"notify_audit":false,"silenced":{},"include_tags":true,"require_full_window":true,"new_host_delay":300,"notify_no_data":false}}'
    headers:
      Cache-Control:
      - no-cache
      Connection:
      - keep-alive
      Content-Security-Policy:
      - frame-ancestors 'self'; report-uri https://api.datadoghq.com/csp-report
      Content-Type:
      - application/json
      Date:
      - Thu, 22 Jul 2021 18:56:16 GMT
      Pragma:
      - no-cache
      Strict-Transport-Security:
      - max-age=15724800;
      Vary:
      - Accept-Encoding
      X-Content-Type-Options:
      - nosniff
      X-Frame-Options:
      - SAMEORIGIN
      X-Ratelimit-Limit:
      - "500"
      X-Ratelimit-Period:
      - "10"
      X-Ratelimit-Remaining:
      - "498"
      X-Ratelimit-Reset:
      - "4"
    status: 200 OK
    code: 200
    duration: ""
- request:
    body: |
      {"message":"test","name":"tf-TestAccDatadogMonitor_ComposeWithSyntheticsTest-local-1626980172","options":{"include_tags":true,"new_host_delay":300,"no_data_timeframe":10,"notify_no_data":false,"require_full_window":true,"thresholds":{"critical":100}},"priority":0,"query":"avg(last_5m):max:system.load.1{*} by {host} \u003e 100","restricted_roles":null,"tags":[],"type":"metric alert"}
    form: {}
    headers:
      Accept:
      - application/json
      Content-Type:
      - application/json
      Dd-Operation-Id:
      - ValidateMonitor
      User-Agent:
      - terraform-provider-datadog/dev (terraform 2.7.0; terraform-cli ) datadog-api-client-go/1.2.1+dev (go go1.16.5; os darwin; arch amd64)
    url: https://api.datadoghq.com/api/v1/monitor/validate
    method: POST
  response:
    body: '{}'
    headers:
      Cache-Control:
      - no-cache
      Connection:
      - keep-alive
      Content-Length:
      - "2"
      Content-Security-Policy:
      - frame-ancestors 'self'; report-uri https://api.datadoghq.com/csp-report
      Content-Type:
      - application/json
      Date:
      - Thu, 22 Jul 2021 18:56:17 GMT
      Pragma:
      - no-cache
      Strict-Transport-Security:
      - max-age=15724800;
      X-Content-Type-Options:
      - nosniff
      X-Frame-Options:
      - SAMEORIGIN
    status: 200 OK
    code: 200
    duration: ""
- request:
    body: |
      {"message":"test","name":"tf-TestAccDatadogMonitor_ComposeWithSyntheticsTest-local-1626980172-composite","options":{"include_tags":true,"new_host_delay":300,"no_data_timeframe":10,"notify_no_data":false,"require_full_window":true,"thresholds":{}},"priority":0,"query":"42109655 || 42109656","restricted_roles":null,"tags":[],"type":"composite"}
    form: {}
    headers:
      Accept:
      - application/json
      Content-Type:
      - application/json
      Dd-Operation-Id:
      - ValidateMonitor
      User-Agent:
      - terraform-provider-datadog/dev (terraform 2.7.0; terraform-cli ) datadog-api-client-go/1.2.1+dev (go go1.16.5; os darwin; arch amd64)
    url: https://api.datadoghq.com/api/v1/monitor/validate
    method: POST
  response:
    body: '{}'
    headers:
      Cache-Control:
      - no-cache
      Connection:
      - keep-alive
      Content-Length:
      - "2"
      Content-Security-Policy:
      - frame-ancestors 'self'; report-uri https://api.datadoghq.com/csp-report
      Content-Type:
      - application/json
      Date:
      - Thu, 22 Jul 2021 18:56:17 GMT
      Pragma:
      - no-cache
      Strict-Transport-Security:
      - max-age=15724800;
      X-Content-Type-Options:
      - nosniff
      X-Frame-Options:
      - SAMEORIGIN
    status: 200 OK
    code: 200
    duration: ""
- request:
    body: ""
    form: {}
    headers:
      Accept:
      - application/json
      Dd-Operation-Id:
      - GetMonitor
      User-Agent:
      - terraform-provider-datadog/dev (terraform 2.7.0; terraform-cli ) datadog-api-client-go/1.2.1+dev (go go1.16.5; os darwin; arch amd64)
    url: https://api.datadoghq.com/api/v1/monitor/42109655
    method: GET
  response:
    body: '{"restricted_roles":null,"tags":[],"deleted":null,"query":"avg(last_5m):max:system.load.1{*} by {host} > 100","message":"test","id":42109655,"multi":true,"name":"tf-TestAccDatadogMonitor_ComposeWithSyntheticsTest-local-1626980172","created":"2021-07-22T18:56:15.328205+00:00","created_at":1626980175000,"creator":{"id":1445416,"handle":"frog@datadoghq.com","name":null,"email":"frog@datadoghq.com"},"org_id":321813,"modified":"2021-07-22T18:56:15.328205+00:00","priority":null,"overall_state_modified":null,"overall_state":"No Data","type":"metric alert","options":{"notify_audit":false,"silenced":{},"include_tags":true,"thresholds":{"critical":100.0},"require_full_window":true,"new_host_delay":300,"notify_no_data":false}}'
    headers:
      Cache-Control:
      - no-cache
      Connection:
      - keep-alive
      Content-Security-Policy:
      - frame-ancestors 'self'; report-uri https://api.datadoghq.com/csp-report
      Content-Type:
      - application/json
      Date:
      - Thu, 22 Jul 2021 18:56:19 GMT
      Pragma:
      - no-cache
      Strict-Transport-Security:
      - max-age=15724800;
      Vary:
      - Accept-Encoding
      X-Content-Type-Options:
      - nosniff
      X-Frame-Options:
      - SAMEORIGIN
      X-Ratelimit-Limit:
      - "3000"
      X-Ratelimit-Period:
      - "10"
      X-Ratelimit-Remaining:
      - "2999"
      X-Ratelimit-Reset:
      - "1"
    status: 200 OK
    code: 200
    duration: ""
- request:
    body: ""
    form: {}
    headers:
      Accept:
      - application/json
      Dd-Operation-Id:
      - GetTest
      User-Agent:
      - terraform-provider-datadog/dev (terraform 2.7.0; terraform-cli ) datadog-api-client-go/1.2.1+dev (go go1.16.5; os darwin; arch amd64)
    url: https://api.datadoghq.com/api/v1/synthetics/tests/uvg-6hq-d49
    method: GET
  response:
    body: '{"status":"live","public_id":"uvg-6hq-d49","tags":["foo:bar","foo","env:test"],"locations":["aws:eu-central-1"],"message":"Notify @pagerduty","name":"tf-TestAccDatadogMonitor_ComposeWithSyntheticsTest-local-1626980172","monitor_id":42109656,"type":"api","subtype":"http","config":{"request":{"url":"https://docs.datadoghq.com","method":"GET","timeout":60},"assertions":[{"operator":"isNot","type":"statusCode","target":500}],"configVariables":[]},"options":{"min_failure_duration":10,"min_location_failed":1,"tick_every":900}}'
    headers:
      Cache-Control:
      - no-cache
      Connection:
      - keep-alive
      Content-Security-Policy:
      - frame-ancestors 'self'; report-uri https://api.datadoghq.com/csp-report
      Content-Type:
      - application/json
      Date:
      - Thu, 22 Jul 2021 18:56:19 GMT
      Pragma:
      - no-cache
      Strict-Transport-Security:
      - max-age=15724800;
      Vary:
      - Accept-Encoding
      X-Content-Type-Options:
      - nosniff
      X-Frame-Options:
      - SAMEORIGIN
      X-Ratelimit-Limit:
      - "1000"
      X-Ratelimit-Period:
      - "60"
      X-Ratelimit-Remaining:
      - "991"
      X-Ratelimit-Reset:
      - "41"
    status: 200 OK
    code: 200
    duration: ""
- request:
    body: |
      {"message":"test","name":"tf-TestAccDatadogMonitor_ComposeWithSyntheticsTest-local-1626980172","options":{"include_tags":true,"new_host_delay":300,"no_data_timeframe":10,"notify_no_data":false,"require_full_window":true,"thresholds":{"critical":100}},"priority":0,"query":"avg(last_5m):max:system.load.1{*} by {host} \u003e 100","restricted_roles":null,"tags":[],"type":"metric alert"}
    form: {}
    headers:
      Accept:
      - application/json
      Content-Type:
      - application/json
      Dd-Operation-Id:
      - ValidateMonitor
      User-Agent:
      - terraform-provider-datadog/dev (terraform 2.7.0; terraform-cli ) datadog-api-client-go/1.2.1+dev (go go1.16.5; os darwin; arch amd64)
    url: https://api.datadoghq.com/api/v1/monitor/validate
    method: POST
  response:
    body: '{}'
    headers:
      Cache-Control:
      - no-cache
      Connection:
      - keep-alive
      Content-Length:
      - "2"
      Content-Security-Policy:
      - frame-ancestors 'self'; report-uri https://api.datadoghq.com/csp-report
      Content-Type:
      - application/json
      Date:
      - Thu, 22 Jul 2021 18:56:19 GMT
      Pragma:
      - no-cache
      Strict-Transport-Security:
      - max-age=15724800;
      X-Content-Type-Options:
      - nosniff
      X-Frame-Options:
      - SAMEORIGIN
    status: 200 OK
    code: 200
    duration: ""
- request:
    body: ""
    form: {}
    headers:
      Accept:
      - application/json
      Dd-Operation-Id:
      - GetAPITest
      User-Agent:
      - terraform-provider-datadog/dev (terraform 2.7.0; terraform-cli ) datadog-api-client-go/1.2.1+dev (go go1.16.5; os darwin; arch amd64)
    url: https://api.datadoghq.com/api/v1/synthetics/tests/api/uvg-6hq-d49
    method: GET
  response:
    body: '{"status":"live","public_id":"uvg-6hq-d49","tags":["foo:bar","foo","env:test"],"locations":["aws:eu-central-1"],"message":"Notify @pagerduty","name":"tf-TestAccDatadogMonitor_ComposeWithSyntheticsTest-local-1626980172","monitor_id":42109656,"type":"api","subtype":"http","config":{"request":{"url":"https://docs.datadoghq.com","method":"GET","timeout":60},"assertions":[{"operator":"isNot","type":"statusCode","target":500}],"configVariables":[]},"options":{"min_failure_duration":10,"min_location_failed":1,"tick_every":900}}'
    headers:
      Cache-Control:
      - no-cache
      Connection:
      - keep-alive
      Content-Security-Policy:
      - frame-ancestors 'self'; report-uri https://api.datadoghq.com/csp-report
      Content-Type:
      - application/json
      Date:
      - Thu, 22 Jul 2021 18:56:19 GMT
      Pragma:
      - no-cache
      Strict-Transport-Security:
      - max-age=15724800;
      Vary:
      - Accept-Encoding
      X-Content-Type-Options:
      - nosniff
      X-Frame-Options:
      - SAMEORIGIN
      X-Ratelimit-Limit:
      - "1000"
      X-Ratelimit-Period:
      - "60"
      X-Ratelimit-Remaining:
      - "990"
      X-Ratelimit-Reset:
      - "41"
    status: 200 OK
    code: 200
    duration: ""
- request:
    body: ""
    form: {}
    headers:
      Accept:
      - application/json
      Dd-Operation-Id:
      - GetMonitor
      User-Agent:
      - terraform-provider-datadog/dev (terraform 2.7.0; terraform-cli ) datadog-api-client-go/1.2.1+dev (go go1.16.5; os darwin; arch amd64)
    url: https://api.datadoghq.com/api/v1/monitor/42109657
    method: GET
  response:
    body: '{"restricted_roles":null,"tags":[],"deleted":null,"query":"42109655 || 42109656","message":"test","id":42109657,"multi":false,"name":"tf-TestAccDatadogMonitor_ComposeWithSyntheticsTest-local-1626980172-composite","created":"2021-07-22T18:56:16.769203+00:00","created_at":1626980176000,"creator":{"id":1445416,"handle":"frog@datadoghq.com","name":null,"email":"frog@datadoghq.com"},"org_id":321813,"modified":"2021-07-22T18:56:16.769203+00:00","priority":null,"overall_state_modified":null,"overall_state":"No Data","type":"composite","options":{"notify_audit":false,"silenced":{},"include_tags":true,"require_full_window":true,"new_host_delay":300,"notify_no_data":false}}'
    headers:
      Cache-Control:
      - no-cache
      Connection:
      - keep-alive
      Content-Security-Policy:
      - frame-ancestors 'self'; report-uri https://api.datadoghq.com/csp-report
      Content-Type:
      - application/json
      Date:
      - Thu, 22 Jul 2021 18:56:19 GMT
      Pragma:
      - no-cache
      Strict-Transport-Security:
      - max-age=15724800;
      Vary:
      - Accept-Encoding
      X-Content-Type-Options:
      - nosniff
      X-Frame-Options:
      - SAMEORIGIN
      X-Ratelimit-Limit:
      - "3000"
      X-Ratelimit-Period:
      - "10"
      X-Ratelimit-Remaining:
      - "2998"
      X-Ratelimit-Reset:
      - "1"
    status: 200 OK
    code: 200
    duration: ""
- request:
    body: |
      {"message":"test","name":"tf-TestAccDatadogMonitor_ComposeWithSyntheticsTest-local-1626980172-composite","options":{"include_tags":true,"new_host_delay":300,"no_data_timeframe":10,"notify_no_data":false,"require_full_window":true,"thresholds":{}},"priority":0,"query":"42109655 || 42109656","restricted_roles":null,"tags":[],"type":"composite"}
    form: {}
    headers:
      Accept:
      - application/json
      Content-Type:
      - application/json
      Dd-Operation-Id:
      - ValidateMonitor
      User-Agent:
      - terraform-provider-datadog/dev (terraform 2.7.0; terraform-cli ) datadog-api-client-go/1.2.1+dev (go go1.16.5; os darwin; arch amd64)
    url: https://api.datadoghq.com/api/v1/monitor/validate
    method: POST
  response:
    body: '{}'
    headers:
      Cache-Control:
      - no-cache
      Connection:
      - keep-alive
      Content-Length:
      - "2"
      Content-Security-Policy:
      - frame-ancestors 'self'; report-uri https://api.datadoghq.com/csp-report
      Content-Type:
      - application/json
      Date:
      - Thu, 22 Jul 2021 18:56:19 GMT
      Pragma:
      - no-cache
      Strict-Transport-Security:
      - max-age=15724800;
      X-Content-Type-Options:
      - nosniff
      X-Frame-Options:
      - SAMEORIGIN
    status: 200 OK
    code: 200
    duration: ""
- request:
    body: |
      {"message":"test","name":"tf-TestAccDatadogMonitor_ComposeWithSyntheticsTest-local-1626980172","options":{"include_tags":true,"new_host_delay":300,"no_data_timeframe":10,"notify_no_data":false,"require_full_window":true,"thresholds":{"critical":100}},"priority":0,"query":"avg(last_5m):max:system.load.1{*} by {host} \u003e 100","restricted_roles":null,"tags":[],"type":"metric alert"}
    form: {}
    headers:
      Accept:
      - application/json
      Content-Type:
      - application/json
      Dd-Operation-Id:
      - ValidateMonitor
      User-Agent:
      - terraform-provider-datadog/dev (terraform 2.7.0; terraform-cli 1.0.2) datadog-api-client-go/1.2.1+dev (go go1.16.5; os darwin; arch amd64)
    url: https://api.datadoghq.com/api/v1/monitor/validate
    method: POST
  response:
    body: '{}'
    headers:
      Cache-Control:
      - no-cache
      Connection:
      - keep-alive
      Content-Length:
      - "2"
      Content-Security-Policy:
      - frame-ancestors 'self'; report-uri https://api.datadoghq.com/csp-report
      Content-Type:
      - application/json
      Date:
      - Thu, 22 Jul 2021 18:56:20 GMT
      Pragma:
      - no-cache
      Strict-Transport-Security:
      - max-age=15724800;
      X-Content-Type-Options:
      - nosniff
      X-Frame-Options:
      - SAMEORIGIN
    status: 200 OK
    code: 200
    duration: ""
- request:
    body: |
      {"message":"test","name":"tf-TestAccDatadogMonitor_ComposeWithSyntheticsTest-local-1626980172-composite","options":{"include_tags":true,"new_host_delay":300,"no_data_timeframe":10,"notify_no_data":false,"require_full_window":true,"thresholds":{}},"priority":0,"query":"42109655 || 42109656","restricted_roles":null,"tags":[],"type":"composite"}
    form: {}
    headers:
      Accept:
      - application/json
      Content-Type:
      - application/json
      Dd-Operation-Id:
      - ValidateMonitor
      User-Agent:
      - terraform-provider-datadog/dev (terraform 2.7.0; terraform-cli 1.0.2) datadog-api-client-go/1.2.1+dev (go go1.16.5; os darwin; arch amd64)
    url: https://api.datadoghq.com/api/v1/monitor/validate
    method: POST
  response:
    body: '{}'
    headers:
      Cache-Control:
      - no-cache
      Connection:
      - keep-alive
      Content-Length:
      - "2"
      Content-Security-Policy:
      - frame-ancestors 'self'; report-uri https://api.datadoghq.com/csp-report
      Content-Type:
      - application/json
      Date:
      - Thu, 22 Jul 2021 18:56:20 GMT
      Pragma:
      - no-cache
      Strict-Transport-Security:
      - max-age=15724800;
      X-Content-Type-Options:
      - nosniff
      X-Frame-Options:
      - SAMEORIGIN
    status: 200 OK
    code: 200
    duration: ""
- request:
    body: ""
    form: {}
    headers:
      Accept:
      - application/json
      Dd-Operation-Id:
      - DeleteMonitor
      User-Agent:
      - terraform-provider-datadog/dev (terraform 2.7.0; terraform-cli 1.0.2) datadog-api-client-go/1.2.1+dev (go go1.16.5; os darwin; arch amd64)
    url: https://api.datadoghq.com/api/v1/monitor/42109657
    method: DELETE
  response:
    body: '{"deleted_monitor_id":42109657}'
    headers:
      Cache-Control:
      - no-cache
      Connection:
      - keep-alive
      Content-Security-Policy:
      - frame-ancestors 'self'; report-uri https://api.datadoghq.com/csp-report
      Content-Type:
      - application/json
      Date:
      - Thu, 22 Jul 2021 18:56:22 GMT
      Pragma:
      - no-cache
      Strict-Transport-Security:
      - max-age=15724800;
      Vary:
      - Accept-Encoding
      X-Content-Type-Options:
      - nosniff
      X-Frame-Options:
      - SAMEORIGIN
    status: 200 OK
    code: 200
    duration: ""
- request:
    body: ""
    form: {}
    headers:
      Accept:
      - application/json
      Dd-Operation-Id:
      - DeleteMonitor
      User-Agent:
      - terraform-provider-datadog/dev (terraform 2.7.0; terraform-cli 1.0.2) datadog-api-client-go/1.2.1+dev (go go1.16.5; os darwin; arch amd64)
    url: https://api.datadoghq.com/api/v1/monitor/42109655
    method: DELETE
  response:
    body: '{"deleted_monitor_id":42109655}'
    headers:
      Cache-Control:
      - no-cache
      Connection:
      - keep-alive
      Content-Security-Policy:
      - frame-ancestors 'self'; report-uri https://api.datadoghq.com/csp-report
      Content-Type:
      - application/json
      Date:
      - Thu, 22 Jul 2021 18:56:22 GMT
      Pragma:
      - no-cache
      Strict-Transport-Security:
      - max-age=15724800;
      Vary:
      - Accept-Encoding
      X-Content-Type-Options:
      - nosniff
      X-Frame-Options:
      - SAMEORIGIN
    status: 200 OK
    code: 200
    duration: ""
- request:
    body: |
      {"public_ids":["uvg-6hq-d49"]}
    form: {}
    headers:
      Accept:
      - application/json
      Content-Type:
      - application/json
      Dd-Operation-Id:
      - DeleteTests
      User-Agent:
      - terraform-provider-datadog/dev (terraform 2.7.0; terraform-cli 1.0.2) datadog-api-client-go/1.2.1+dev (go go1.16.5; os darwin; arch amd64)
    url: https://api.datadoghq.com/api/v1/synthetics/tests/delete
    method: POST
  response:
    body: '{"deleted_tests":[{"deleted_at":"2021-07-22T18:56:22.380000+00:00","public_id":"uvg-6hq-d49"}]}'
    headers:
      Cache-Control:
      - no-cache
      Connection:
      - keep-alive
      Content-Security-Policy:
      - frame-ancestors 'self'; report-uri https://api.datadoghq.com/csp-report
      Content-Type:
      - application/json
      Date:
      - Thu, 22 Jul 2021 18:56:22 GMT
      Pragma:
      - no-cache
      Strict-Transport-Security:
      - max-age=15724800;
      Vary:
      - Accept-Encoding
      X-Content-Type-Options:
      - nosniff
      X-Frame-Options:
      - SAMEORIGIN
      X-Ratelimit-Limit:
      - "120"
      X-Ratelimit-Period:
      - "60"
      X-Ratelimit-Remaining:
      - "118"
      X-Ratelimit-Reset:
      - "38"
    status: 200 OK
    code: 200
    duration: ""
- request:
    body: ""
    form: {}
    headers:
      Accept:
      - application/json
      Dd-Operation-Id:
      - GetMonitor
      User-Agent:
      - terraform-provider-datadog/dev (terraform 2.7.0; terraform-cli 1.0.2) datadog-api-client-go/1.2.1+dev (go go1.16.5; os darwin; arch amd64)
    url: https://api.datadoghq.com/api/v1/monitor/42109655
    method: GET
  response:
    body: '{"errors": ["Monitor not found"]}'
    headers:
      Cache-Control:
      - no-cache
      Connection:
      - keep-alive
      Content-Security-Policy:
      - frame-ancestors 'self'; report-uri https://api.datadoghq.com/csp-report
      Content-Type:
      - application/json
      Date:
      - Thu, 22 Jul 2021 18:56:22 GMT
      Pragma:
      - no-cache
      Strict-Transport-Security:
      - max-age=15724800;
      Vary:
      - Accept-Encoding
      X-Content-Type-Options:
      - nosniff
      X-Frame-Options:
      - SAMEORIGIN
      X-Ratelimit-Limit:
      - "3000"
      X-Ratelimit-Period:
      - "10"
      X-Ratelimit-Remaining:
      - "2999"
      X-Ratelimit-Reset:
      - "8"
    status: 404 Not Found
    code: 404
    duration: ""
